// Jest Snapshot v1, https://goo.gl/fbAQLP

exports[`Home Component renders correctly and matches snapshot 1`] = `
<DocumentFragment>
  <div
    class="MuiContainer-root MuiContainer-maxWidthLg css-1oqqzyl-MuiContainer-root"
  >
    <div
      class="MuiBox-root css-zitybv"
    >
      <div
        class="MuiBox-root css-wua46y"
      >
        <svg
          aria-hidden="true"
          class="MuiSvgIcon-root MuiSvgIcon-fontSizeMedium css-bmzd0o-MuiSvgIcon-root"
          data-testid="VideogameAssetOutlinedIcon"
          focusable="false"
          viewBox="0 0 24 24"
        >
          <path
            d="M21 6H3c-1.1 0-2 .9-2 2v8c0 1.1.9 2 2 2h18c1.1 0 2-.9 2-2V8c0-1.1-.9-2-2-2m0 10H3V8h18zM6 15h2v-2h2v-2H8V9H6v2H4v2h2z"
          />
          <circle
            cx="14.5"
            cy="13.5"
            r="1.5"
          />
          <circle
            cx="18.5"
            cy="10.5"
            r="1.5"
          />
        </svg>
        <h1
          class="MuiTypography-root MuiTypography-h3 MuiTypography-gutterBottom css-umzl7p-MuiTypography-root"
        >
          FizzBuzz Game
        </h1>
        <svg
          aria-hidden="true"
          class="MuiSvgIcon-root MuiSvgIcon-fontSizeMedium css-bmzd0o-MuiSvgIcon-root"
          data-testid="VideogameAssetOutlinedIcon"
          focusable="false"
          viewBox="0 0 24 24"
        >
          <path
            d="M21 6H3c-1.1 0-2 .9-2 2v8c0 1.1.9 2 2 2h18c1.1 0 2-.9 2-2V8c0-1.1-.9-2-2-2m0 10H3V8h18zM6 15h2v-2h2v-2H8V9H6v2H4v2h2z"
          />
          <circle
            cx="14.5"
            cy="13.5"
            r="1.5"
          />
          <circle
            cx="18.5"
            cy="10.5"
            r="1.5"
          />
        </svg>
      </div>
      <div
        class="MuiGrid-root MuiGrid-container MuiGrid-spacing-xs-4 css-19ezdg1-MuiGrid-root"
      >
        <div
          class="MuiGrid-root MuiGrid-item MuiGrid-grid-xs-12 MuiGrid-grid-md-6 css-1fyyp8j-MuiGrid-root"
        >
          <div>
            Mocked GameForm
          </div>
        </div>
        <div
          class="MuiGrid-root MuiGrid-item MuiGrid-grid-xs-12 MuiGrid-grid-md-6 css-1fyyp8j-MuiGrid-root"
        >
          <div>
            Mocked GameList
          </div>
        </div>
      </div>
    </div>
  </div>
</DocumentFragment>
`;
